
*** Running vivado
    with args -log cdc_3stage_sync.vds -m64 -product Vivado -mode batch -messageDb vivado.pb -notrace -source cdc_3stage_sync.tcl


****** Vivado v2024.2 (64-bit)
  **** SW Build 5239630 on Fri Nov 08 22:34:34 MST 2024
  **** IP Build 5239520 on Sun Nov 10 16:12:51 MST 2024
  **** SharedData Build 5239561 on Fri Nov 08 14:39:27 MST 2024
  **** Start of session at: Tue Jun 30 05:39:32 2026
    ** Copyright 1986-2022 Xilinx, Inc. All Rights Reserved.
    ** Copyright 2022-2024 Advanced Micro Devices, Inc. All Rights Reserved.

source cdc_3stage_sync.tcl -notrace
Command: read_checkpoint -auto_incremental -incremental /home/bezerra-andre/0-INATEL-Development/BAW/ci-digital-inatel/Modules/CID-ADVANCED/SD232-Analise-Estatica-de-Timing/Clock-Domain-Crossing/cdc-1/atv_23-cdc/atv_23-cdc.srcs/utils_1/imports/synth_1/cdc_3stage_sync_tb.dcp
INFO: [Vivado 12-5825] Read reference checkpoint from /home/bezerra-andre/0-INATEL-Development/BAW/ci-digital-inatel/Modules/CID-ADVANCED/SD232-Analise-Estatica-de-Timing/Clock-Domain-Crossing/cdc-1/atv_23-cdc/atv_23-cdc.srcs/utils_1/imports/synth_1/cdc_3stage_sync_tb.dcp for incremental synthesis
INFO: [Vivado 12-7989] Please ensure there are no constraint changes
Command: synth_design -top cdc_3stage_sync -part xc7k70tfbv676-1
Starting synth_design
Attempting to get a license for feature 'Synthesis' and/or device 'xc7k70t'
INFO: [Common 17-349] Got license for feature 'Synthesis' and/or device 'xc7k70t'
INFO: [Device 21-403] Loading part xc7k70tfbv676-1
INFO: [Designutils 20-5440] No compile time benefit to using incremental synthesis; A full resynthesis will be run
INFO: [Designutils 20-4379] Flow is switching to default flow due to incremental criteria not met. If you would like to alter this behaviour and have the flow terminate instead, please set the following parameter config_implementation {autoIncr.Synth.RejectBehavior Terminate}
INFO: [Synth 8-7079] Multithreading enabled for synth_design using a maximum of 7 processes.
INFO: [Synth 8-7078] Launching helper process for spawning children vivado processes
INFO: [Synth 8-7075] Helper process launched with PID 12944
---------------------------------------------------------------------------------
Starting RTL Elaboration : Time (s): cpu = 00:00:03 ; elapsed = 00:00:03 . Memory (MB): peak = 1875.770 ; gain = 430.801 ; free physical = 18976 ; free virtual = 24827
---------------------------------------------------------------------------------
INFO: [Synth 8-6157] synthesizing module 'cdc_3stage_sync' [/home/bezerra-andre/0-INATEL-Development/BAW/ci-digital-inatel/Modules/CID-ADVANCED/SD232-Analise-Estatica-de-Timing/Clock-Domain-Crossing/cdc-1/cdc_3stage_sync.v:3]
INFO: [Synth 8-6155] done synthesizing module 'cdc_3stage_sync' (0#1) [/home/bezerra-andre/0-INATEL-Development/BAW/ci-digital-inatel/Modules/CID-ADVANCED/SD232-Analise-Estatica-de-Timing/Clock-Domain-Crossing/cdc-1/cdc_3stage_sync.v:3]
---------------------------------------------------------------------------------
Finished RTL Elaboration : Time (s): cpu = 00:00:04 ; elapsed = 00:00:04 . Memory (MB): peak = 1942.738 ; gain = 497.770 ; free physical = 18907 ; free virtual = 24758
---------------------------------------------------------------------------------
---------------------------------------------------------------------------------
Start Handling Custom Attributes
---------------------------------------------------------------------------------
---------------------------------------------------------------------------------
Finished Handling Custom Attributes : Time (s): cpu = 00:00:04 ; elapsed = 00:00:04 . Memory (MB): peak = 1960.551 ; gain = 515.582 ; free physical = 18895 ; free virtual = 24747
---------------------------------------------------------------------------------
---------------------------------------------------------------------------------
Finished RTL Optimization Phase 1 : Time (s): cpu = 00:00:04 ; elapsed = 00:00:04 . Memory (MB): peak = 1960.551 ; gain = 515.582 ; free physical = 18895 ; free virtual = 24747
---------------------------------------------------------------------------------
Netlist sorting complete. Time (s): cpu = 00:00:00 ; elapsed = 00:00:00 . Memory (MB): peak = 1960.551 ; gain = 0.000 ; free physical = 18895 ; free virtual = 24747
INFO: [Project 1-570] Preparing netlist for logic optimization

Processing XDC Constraints
Initializing timing engine
Parsing XDC File [/home/bezerra-andre/0-INATEL-Development/BAW/ci-digital-inatel/Modules/CID-ADVANCED/SD232-Analise-Estatica-de-Timing/Clock-Domain-Crossing/cdc-1/timing_constraints.sdc]
CRITICAL WARNING: [Vivado 12-143] Invalid unit "1fF" for -capacitance option. Please specify valid unit [/home/bezerra-andre/0-INATEL-Development/BAW/ci-digital-inatel/Modules/CID-ADVANCED/SD232-Analise-Estatica-de-Timing/Clock-Domain-Crossing/cdc-1/timing_constraints.sdc:1]
CRITICAL WARNING: [Vivado 12-147] Invalid unit "1ps" for -time option. Please specify valid unit [/home/bezerra-andre/0-INATEL-Development/BAW/ci-digital-inatel/Modules/CID-ADVANCED/SD232-Analise-Estatica-de-Timing/Clock-Domain-Crossing/cdc-1/timing_constraints.sdc:2]
WARNING: [Vivado 12-584] No ports matched 'clk'. [/home/bezerra-andre/0-INATEL-Development/BAW/ci-digital-inatel/Modules/CID-ADVANCED/SD232-Analise-Estatica-de-Timing/Clock-Domain-Crossing/cdc-1/timing_constraints.sdc:3]
CRITICAL WARNING: [Vivado 12-4739] create_clock:No valid object(s) found for '-objects [get_ports clk]'. [/home/bezerra-andre/0-INATEL-Development/BAW/ci-digital-inatel/Modules/CID-ADVANCED/SD232-Analise-Estatica-de-Timing/Clock-Domain-Crossing/cdc-1/timing_constraints.sdc:3]
Resolution: Check if the specified object(s) exists in the current design. If it does, ensure that the correct design hierarchy was specified for the object. If you are working with clocks, make sure create_clock was used to create the clock object before it is referenced.
Finished Parsing XDC File [/home/bezerra-andre/0-INATEL-Development/BAW/ci-digital-inatel/Modules/CID-ADVANCED/SD232-Analise-Estatica-de-Timing/Clock-Domain-Crossing/cdc-1/timing_constraints.sdc]
INFO: [Project 1-236] Implementation specific constraints were found while reading constraint file [/home/bezerra-andre/0-INATEL-Development/BAW/ci-digital-inatel/Modules/CID-ADVANCED/SD232-Analise-Estatica-de-Timing/Clock-Domain-Crossing/cdc-1/timing_constraints.sdc]. These constraints will be ignored for synthesis but will be used in implementation. Impacted constraints are listed in the file [.Xil/cdc_3stage_sync_propImpl.xdc].
Resolution: To avoid this warning, move constraints listed in [.Xil/cdc_3stage_sync_propImpl.xdc] to another XDC file and exclude this new file from synthesis with the used_in_synthesis property (File Properties dialog in GUI) and re-run elaboration/synthesis.
Completed Processing XDC Constraints

Netlist sorting complete. Time (s): cpu = 00:00:00 ; elapsed = 00:00:00 . Memory (MB): peak = 2042.395 ; gain = 0.000 ; free physical = 18885 ; free virtual = 24736
INFO: [Project 1-111] Unisim Transformation Summary:
No Unisim elements were transformed.

Constraint Validation Runtime : Time (s): cpu = 00:00:00 ; elapsed = 00:00:00 . Memory (MB): peak = 2042.395 ; gain = 0.000 ; free physical = 18885 ; free virtual = 24736
INFO: [Designutils 20-5440] No compile time benefit to using incremental synthesis; A full resynthesis will be run
INFO: [Designutils 20-4379] Flow is switching to default flow due to incremental criteria not met. If you would like to alter this behaviour and have the flow terminate instead, please set the following parameter config_implementation {autoIncr.Synth.RejectBehavior Terminate}
---------------------------------------------------------------------------------
Finished Constraint Validation : Time (s): cpu = 00:00:09 ; elapsed = 00:00:10 . Memory (MB): peak = 2042.395 ; gain = 597.426 ; free physical = 18912 ; free virtual = 24763
---------------------------------------------------------------------------------
---------------------------------------------------------------------------------
Start Loading Part and Timing Information
---------------------------------------------------------------------------------
Loading part: xc7k70tfbv676-1
---------------------------------------------------------------------------------
Finished Loading Part and Timing Information : Time (s): cpu = 00:00:09 ; elapsed = 00:00:10 . Memory (MB): peak = 2050.398 ; gain = 605.430 ; free physical = 18912 ; free virtual = 24763
---------------------------------------------------------------------------------
---------------------------------------------------------------------------------
Start Applying 'set_property' XDC Constraints
---------------------------------------------------------------------------------
---------------------------------------------------------------------------------
Finished applying 'set_property' XDC Constraints : Time (s): cpu = 00:00:09 ; elapsed = 00:00:10 . Memory (MB): peak = 2050.398 ; gain = 605.430 ; free physical = 18912 ; free virtual = 24763
---------------------------------------------------------------------------------
---------------------------------------------------------------------------------
Finished RTL Optimization Phase 2 : Time (s): cpu = 00:00:10 ; elapsed = 00:00:10 . Memory (MB): peak = 2050.398 ; gain = 605.430 ; free physical = 18912 ; free virtual = 24764
---------------------------------------------------------------------------------
---------------------------------------------------------------------------------
Start RTL Component Statistics 
---------------------------------------------------------------------------------
Detailed RTL Component Info : 
+---Registers : 
	                1 Bit    Registers := 3     
---------------------------------------------------------------------------------
Finished RTL Component Statistics 
---------------------------------------------------------------------------------
---------------------------------------------------------------------------------
Start Part Resource Summary
---------------------------------------------------------------------------------
Part Resources:
DSPs: 240 (col length:80)
BRAMs: 270 (col length: RAMB18 80 RAMB36 40)
---------------------------------------------------------------------------------
Finished Part Resource Summary
---------------------------------------------------------------------------------
---------------------------------------------------------------------------------
Start Cross Boundary and Area Optimization
---------------------------------------------------------------------------------
WARNING: [Synth 8-7080] Parallel synthesis criteria is not met
---------------------------------------------------------------------------------
Finished Cross Boundary and Area Optimization : Time (s): cpu = 00:00:11 ; elapsed = 00:00:11 . Memory (MB): peak = 2050.398 ; gain = 605.430 ; free physical = 18921 ; free virtual = 24777
---------------------------------------------------------------------------------
---------------------------------------------------------------------------------
Start Applying XDC Timing Constraints
---------------------------------------------------------------------------------
---------------------------------------------------------------------------------
Finished Applying XDC Timing Constraints : Time (s): cpu = 00:00:16 ; elapsed = 00:00:16 . Memory (MB): peak = 2123.398 ; gain = 678.430 ; free physical = 18843 ; free virtual = 24699
---------------------------------------------------------------------------------
---------------------------------------------------------------------------------
Start Timing Optimization
---------------------------------------------------------------------------------
---------------------------------------------------------------------------------
Finished Timing Optimization : Time (s): cpu = 00:00:16 ; elapsed = 00:00:16 . Memory (MB): peak = 2123.398 ; gain = 678.430 ; free physical = 18843 ; free virtual = 24699
---------------------------------------------------------------------------------
---------------------------------------------------------------------------------
Start Technology Mapping
---------------------------------------------------------------------------------
---------------------------------------------------------------------------------
Finished Technology Mapping : Time (s): cpu = 00:00:16 ; elapsed = 00:00:16 . Memory (MB): peak = 2133.414 ; gain = 688.445 ; free physical = 18827 ; free virtual = 24683
---------------------------------------------------------------------------------
---------------------------------------------------------------------------------
Start IO Insertion
---------------------------------------------------------------------------------
---------------------------------------------------------------------------------
Start Flattening Before IO Insertion
---------------------------------------------------------------------------------
---------------------------------------------------------------------------------
Finished Flattening Before IO Insertion
---------------------------------------------------------------------------------
---------------------------------------------------------------------------------
Start Final Netlist Cleanup
---------------------------------------------------------------------------------
---------------------------------------------------------------------------------
Finished Final Netlist Cleanup
---------------------------------------------------------------------------------
---------------------------------------------------------------------------------
Finished IO Insertion : Time (s): cpu = 00:00:19 ; elapsed = 00:00:19 . Memory (MB): peak = 2295.227 ; gain = 850.258 ; free physical = 18710 ; free virtual = 24570
---------------------------------------------------------------------------------
---------------------------------------------------------------------------------
Start Renaming Generated Instances
---------------------------------------------------------------------------------
---------------------------------------------------------------------------------
Finished Renaming Generated Instances : Time (s): cpu = 00:00:19 ; elapsed = 00:00:19 . Memory (MB): peak = 2295.227 ; gain = 850.258 ; free physical = 18710 ; free virtual = 24570
---------------------------------------------------------------------------------
---------------------------------------------------------------------------------
Start Rebuilding User Hierarchy
---------------------------------------------------------------------------------
---------------------------------------------------------------------------------
Finished Rebuilding User Hierarchy : Time (s): cpu = 00:00:19 ; elapsed = 00:00:19 . Memory (MB): peak = 2295.227 ; gain = 850.258 ; free physical = 18710 ; free virtual = 24570
---------------------------------------------------------------------------------
---------------------------------------------------------------------------------
Start Renaming Generated Ports
---------------------------------------------------------------------------------
---------------------------------------------------------------------------------
Finished Renaming Generated Ports : Time (s): cpu = 00:00:19 ; elapsed = 00:00:19 . Memory (MB): peak = 2295.227 ; gain = 850.258 ; free physical = 18710 ; free virtual = 24570
---------------------------------------------------------------------------------
---------------------------------------------------------------------------------
Start Handling Custom Attributes
---------------------------------------------------------------------------------
---------------------------------------------------------------------------------
Finished Handling Custom Attributes : Time (s): cpu = 00:00:19 ; elapsed = 00:00:19 . Memory (MB): peak = 2295.227 ; gain = 850.258 ; free physical = 18710 ; free virtual = 24570
---------------------------------------------------------------------------------
---------------------------------------------------------------------------------
Start Renaming Generated Nets
---------------------------------------------------------------------------------
---------------------------------------------------------------------------------
Finished Renaming Generated Nets : Time (s): cpu = 00:00:19 ; elapsed = 00:00:19 . Memory (MB): peak = 2295.227 ; gain = 850.258 ; free physical = 18710 ; free virtual = 24570
---------------------------------------------------------------------------------
---------------------------------------------------------------------------------
Start Writing Synthesis Report
---------------------------------------------------------------------------------

Report BlackBoxes: 
+-+--------------+----------+
| |BlackBox name |Instances |
+-+--------------+----------+
+-+--------------+----------+

Report Cell Usage: 
+------+-----+------+
|      |Cell |Count |
+------+-----+------+
|1     |BUFG |     2|
|2     |LUT1 |     2|
|3     |LUT2 |     1|
|4     |FDCE |     3|
|5     |IBUF |     5|
|6     |OBUF |     1|
+------+-----+------+
---------------------------------------------------------------------------------
Finished Writing Synthesis Report : Time (s): cpu = 00:00:19 ; elapsed = 00:00:19 . Memory (MB): peak = 2295.227 ; gain = 850.258 ; free physical = 18710 ; free virtual = 24570
---------------------------------------------------------------------------------
Synthesis finished with 0 errors, 0 critical warnings and 1 warnings.
Synthesis Optimization Runtime : Time (s): cpu = 00:00:17 ; elapsed = 00:00:18 . Memory (MB): peak = 2295.227 ; gain = 768.414 ; free physical = 18710 ; free virtual = 24570
Synthesis Optimization Complete : Time (s): cpu = 00:00:19 ; elapsed = 00:00:19 . Memory (MB): peak = 2295.234 ; gain = 850.258 ; free physical = 18710 ; free virtual = 24570
INFO: [Project 1-571] Translating synthesized netlist
Netlist sorting complete. Time (s): cpu = 00:00:00 ; elapsed = 00:00:00 . Memory (MB): peak = 2295.234 ; gain = 0.000 ; free physical = 18710 ; free virtual = 24570
INFO: [Project 1-570] Preparing netlist for logic optimization
INFO: [Opt 31-138] Pushed 0 inverter(s) to 0 load pin(s).
Netlist sorting complete. Time (s): cpu = 00:00:00 ; elapsed = 00:00:00 . Memory (MB): peak = 2295.234 ; gain = 0.000 ; free physical = 18874 ; free virtual = 24733
INFO: [Project 1-111] Unisim Transformation Summary:
No Unisim elements were transformed.

Synth Design complete | Checksum: ed7cc8de
INFO: [Common 17-83] Releasing license: Synthesis
21 Infos, 2 Warnings, 3 Critical Warnings and 0 Errors encountered.
synth_design completed successfully
synth_design: Time (s): cpu = 00:00:25 ; elapsed = 00:00:23 . Memory (MB): peak = 2295.234 ; gain = 929.797 ; free physical = 18874 ; free virtual = 24733
INFO: [Common 17-2834] synth_design peak Physical Memory [PSS] (MB): overall = 1514.683; main = 1514.683; forked = 269.506
INFO: [Common 17-2834] synth_design peak Virtual Memory [VSS] (MB): overall = 2961.316; main = 2295.230; forked = 910.914
INFO: [runtcl-6] Synthesis results are not added to the cache due to CRITICAL_WARNING
Write ShapeDB Complete: Time (s): cpu = 00:00:00 ; elapsed = 00:00:00 . Memory (MB): peak = 2319.238 ; gain = 0.000 ; free physical = 18874 ; free virtual = 24733
INFO: [Common 17-1381] The checkpoint '/home/bezerra-andre/0-INATEL-Development/BAW/ci-digital-inatel/Modules/CID-ADVANCED/SD232-Analise-Estatica-de-Timing/Clock-Domain-Crossing/cdc-1/atv_23-cdc/atv_23-cdc.runs/synth_1/cdc_3stage_sync.dcp' has been generated.
INFO: [Vivado 12-24828] Executing command : report_utilization -file cdc_3stage_sync_utilization_synth.rpt -pb cdc_3stage_sync_utilization_synth.pb
INFO: [Common 17-206] Exiting Vivado at Tue Jun 30 05:39:59 2026...
